<?xml version="1.0" encoding="UTF-8"?>
<testsuites name="jest tests" tests="2" failures="0" errors="0" time="0.985">
  <testsuite name="undefined" errors="0" failures="0" skipped="0" timestamp="2025-03-11T16:49:44" time="0.941" tests="2">
    <testcase classname=" test uncovered if" name=" test uncovered if" time="0.001">
    </testcase>
    <testcase classname=" fully covered" name=" fully covered" time="0">
    </testcase>
  </testsuite>
</testsuites>